// Jest Snapshot v1, https://goo.gl/fbAQLP

exports[`Twitter Editor Snapshots SSR should pre render the editor with consistent html 1`] = `"<div role=\\"textbox\\" aria-multiline=\\"true\\" aria-label=\\"\\" aria-placeholder=\\"What's happening?\\" class=\\"Prosemirror remirror-editor\\" data-testid=\\"editor-twitter\\" contenteditable=\\"true\\"><p><a href=\\"/blueladybug185\\" role=\\"presentation\\" class=\\"mention mention-at\\" data-mention-id=\\"blueladybug185\\">@blueladybug185</a> has proven to me most helpful!</p><p>Random.com<!-- --> on the other hand has not.</p><p>Emojis still make me smile <span data-emoji-id=\\"yum\\" data-emoji-colons=\\"\\" data-emoji-native=\\"ðŸ˜‹\\" data-emoji-name=\\"Face Savouring Delicious Food\\" data-emoji-skin=\\"\\" data-use-native=\\"false\\" contenteditable=\\"false\\" aria-label=\\"Emoji: Face Savouring Delicious Food\\" title=\\"Emoji: Face Savouring Delicious Food\\" class=\\"remirror-editor-emoji-node\\">ðŸ˜‹</span><span data-emoji-id=\\"see_no_evil\\" data-emoji-colons=\\"\\" data-emoji-native=\\"ðŸ™ˆ\\" data-emoji-name=\\"See-No-Evil Monkey\\" data-emoji-skin=\\"\\" data-use-native=\\"false\\" contenteditable=\\"false\\" aria-label=\\"Emoji: See-No-Evil Monkey\\" title=\\"Emoji: See-No-Evil Monkey\\" class=\\"remirror-editor-emoji-node\\">ðŸ™ˆ</span> and I'm here for that.</p></div>"`;
