// Jest Snapshot v1, https://goo.gl/fbAQLP

exports[`should render the ssr component 1`] = `
<div class="remirror"
     contenteditable="true"
     data-reactroot
>
  <p>
    Better docs to come soon...
  </p>
</div>
`;
