// Jest Snapshot v1, https://goo.gl/fbAQLP

exports[` 1`] = `
Object {
  "attrs": Object {
    "align": null,
    "id": null,
    "indent": 0,
    "lineSpacing": null,
  },
  "content": Array [
    Object {
      "text": "simple",
      "type": "text",
    },
  ],
  "type": "paragraph",
}
`;
