// Jest Snapshot v1, https://goo.gl/fbAQLP

exports[`formatted ssr component 1`] = `
<style data-emotion-css="9esyi6">
  .css-9esyi6 code[class*='language-'],.css-9esyi6 pre[class*='language-']{color:#c5c8c6;text-shadow:0 1px rgba(0,0,0,0.3);font-family:Inconsolata,Monaco,Consolas,'Courier New',Courier,monospace;direction:ltr;text-align:left;white-space:pre;word-spacing:normal;word-break:normal;line-height:1.5;-moz-tab-size:4;-o-tab-size:4;tab-size:4;-webkit-hyphens:none;-moz-hyphens:none;-ms-hyphens:none;-webkit-hyphens:none;-moz-hyphens:none;-ms-hyphens:none;hyphens:none;}.css-9esyi6 pre[class*='language-']{padding:1em;margin:0.5em 0;overflow:auto;border-radius:0.3em;}.css-9esyi6:not(pre) > code[class*='language-'],.css-9esyi6 pre[class*='language-']{background:#1d1f21;}.css-9esyi6:not(pre) > code[class*='language-']{padding:0.1em;border-radius:0.3em;}.css-9esyi6 .token.comment,.css-9esyi6 .token.prolog,.css-9esyi6 .token.doctype,.css-9esyi6 .token.cdata{color:#7c7c7c;}.css-9esyi6 .token.punctuation,.css-9esyi6 .token.punctuation.important{color:#c5c8c6;}.css-9esyi6 .namespace{opacity:0.7;}.css-9esyi6 .token.property,.css-9esyi6 .token.keyword,.css-9esyi6 .token.tag{color:#96cbfe;}.css-9esyi6 .token.class-name{color:#ffffb6;-webkit-text-decoration:underline;text-decoration:underline;}.css-9esyi6 .token.boolean,.css-9esyi6 .token.constant{color:#99cc99;}.css-9esyi6 .token.symbol,.css-9esyi6 .token.deleted{color:#f92672;}.css-9esyi6 .token.number{color:#ff73fd;}.css-9esyi6 .token.selector,.css-9esyi6 .token.attr-name,.css-9esyi6 .token.string,.css-9esyi6 .token.char,.css-9esyi6 .token.builtin,.css-9esyi6 .token.inserted{color:#a8ff60;}.css-9esyi6 .token.variable{color:#c6c5fe;}.css-9esyi6 .token.operator{color:#ededed;}.css-9esyi6 .token.entity{color:#ffffb6;}.css-9esyi6 .token.url{color:#96cbfe;}.css-9esyi6 .language-css .token.string,.css-9esyi6 .style .token.string{color:#87c38a;}.css-9esyi6 .token.atrule,.css-9esyi6 .token.attr-value{color:#f9ee98;}.css-9esyi6 .token.function{color:#dad085;}.css-9esyi6 .token.regex{color:#e9c062;}.css-9esyi6 .token.important{color:#fd971f;}.css-9esyi6 .token.important,.css-9esyi6 .token.bold{font-weight:bold;}.css-9esyi6 .token.italic{font-style:italic;}.css-9esyi6 .token.entity{cursor:help;}
</style>
<div class="css-9esyi6">
  <div role="textbox"
       aria-multiline="true"
       aria-label
       class="Prosemirror remirror-editor"
       contenteditable="true"
  >
    <pre class="language-markdown">
      <code>
        <span class="token title important">
          <span class="token punctuation">
            #
          </span>
          Welcome
        </span>
        <span class="token bold">
          <span class="token punctuation">
            **
          </span>
          <span class="token content">
            To the greatest show
          </span>
          <span class="token punctuation">
            **
          </span>
        </span>
        <span class="token italic">
          <span class="token punctuation">
            _
          </span>
          <span class="token content">
            Ever created
          </span>
          <span class="token punctuation">
            _
          </span>
        </span>
        .
      </code>
    </pre>
  </div>
</div>
`;

exports[`ssr component 1`] = `
<style data-emotion-css="9esyi6">
  .css-9esyi6 code[class*='language-'],.css-9esyi6 pre[class*='language-']{color:#c5c8c6;text-shadow:0 1px rgba(0,0,0,0.3);font-family:Inconsolata,Monaco,Consolas,'Courier New',Courier,monospace;direction:ltr;text-align:left;white-space:pre;word-spacing:normal;word-break:normal;line-height:1.5;-moz-tab-size:4;-o-tab-size:4;tab-size:4;-webkit-hyphens:none;-moz-hyphens:none;-ms-hyphens:none;-webkit-hyphens:none;-moz-hyphens:none;-ms-hyphens:none;hyphens:none;}.css-9esyi6 pre[class*='language-']{padding:1em;margin:0.5em 0;overflow:auto;border-radius:0.3em;}.css-9esyi6:not(pre) > code[class*='language-'],.css-9esyi6 pre[class*='language-']{background:#1d1f21;}.css-9esyi6:not(pre) > code[class*='language-']{padding:0.1em;border-radius:0.3em;}.css-9esyi6 .token.comment,.css-9esyi6 .token.prolog,.css-9esyi6 .token.doctype,.css-9esyi6 .token.cdata{color:#7c7c7c;}.css-9esyi6 .token.punctuation,.css-9esyi6 .token.punctuation.important{color:#c5c8c6;}.css-9esyi6 .namespace{opacity:0.7;}.css-9esyi6 .token.property,.css-9esyi6 .token.keyword,.css-9esyi6 .token.tag{color:#96cbfe;}.css-9esyi6 .token.class-name{color:#ffffb6;-webkit-text-decoration:underline;text-decoration:underline;}.css-9esyi6 .token.boolean,.css-9esyi6 .token.constant{color:#99cc99;}.css-9esyi6 .token.symbol,.css-9esyi6 .token.deleted{color:#f92672;}.css-9esyi6 .token.number{color:#ff73fd;}.css-9esyi6 .token.selector,.css-9esyi6 .token.attr-name,.css-9esyi6 .token.string,.css-9esyi6 .token.char,.css-9esyi6 .token.builtin,.css-9esyi6 .token.inserted{color:#a8ff60;}.css-9esyi6 .token.variable{color:#c6c5fe;}.css-9esyi6 .token.operator{color:#ededed;}.css-9esyi6 .token.entity{color:#ffffb6;}.css-9esyi6 .token.url{color:#96cbfe;}.css-9esyi6 .language-css .token.string,.css-9esyi6 .style .token.string{color:#87c38a;}.css-9esyi6 .token.atrule,.css-9esyi6 .token.attr-value{color:#f9ee98;}.css-9esyi6 .token.function{color:#dad085;}.css-9esyi6 .token.regex{color:#e9c062;}.css-9esyi6 .token.important{color:#fd971f;}.css-9esyi6 .token.important,.css-9esyi6 .token.bold{font-weight:bold;}.css-9esyi6 .token.italic{font-style:italic;}.css-9esyi6 .token.entity{cursor:help;}
</style>
<div class="css-9esyi6">
  <div role="textbox"
       aria-multiline="true"
       aria-label
       class="Prosemirror remirror-editor"
       contenteditable="true"
  >
    <pre class="language-markup">
      <code>
        Simple Code Blocks
echo &quot;fun times&quot;
Use Shift-Enter or Mod-Enter to hard break out of the code block
      </code>
    </pre>
  </div>
</div>
`;
